// Jest Snapshot v1, https://goo.gl/fbAQLP

exports[`index should be vue instance 1`] = `
"<v-layout-stub tag=\\"div\\" wrap=\\"\\" align-center=\\"\\" justify-center=\\"\\"><v-flex-stub tag=\\"div\\" text-center=\\"\\" xs12=\\"\\"><div class=\\"title-text\\">
      Button
    </div> <link-buttons-stub document=\\"https://vuetifyjs.com/en/components/buttons\\" source=\\"https://github.com/reireias/vuetifier/blob/master/components/ButtonSample.vue\\"></link-buttons-stub></v-flex-stub> <v-flex-stub tag=\\"div\\" text-center=\\"\\" xs12=\\"\\"><v-btn-stub color=\\"primary\\" tag=\\"button\\" activeclass=\\"\\" type=\\"button\\">primary</v-btn-stub> <v-btn-stub color=\\"secondary\\" tag=\\"button\\" activeclass=\\"\\" type=\\"button\\">secondary</v-btn-stub> <v-btn-stub color=\\"accent\\" tag=\\"button\\" activeclass=\\"\\" type=\\"button\\">accent</v-btn-stub></v-flex-stub> <v-flex-stub tag=\\"div\\" text-center=\\"\\" xs12=\\"\\"><v-btn-stub color=\\"primary\\" tag=\\"button\\" activeclass=\\"\\" outlined=\\"true\\" type=\\"button\\">primary</v-btn-stub> <v-btn-stub color=\\"secondary\\" tag=\\"button\\" activeclass=\\"\\" outlined=\\"true\\" type=\\"button\\">secondary</v-btn-stub> <v-btn-stub color=\\"accent\\" tag=\\"button\\" activeclass=\\"\\" outlined=\\"true\\" type=\\"button\\">accent</v-btn-stub></v-flex-stub> <v-flex-stub tag=\\"div\\" text-center=\\"\\" xs12=\\"\\"><v-btn-stub color=\\"primary\\" tag=\\"button\\" activeclass=\\"\\" fab=\\"true\\" type=\\"button\\"><v-icon-stub>email</v-icon-stub></v-btn-stub> <v-btn-stub color=\\"secondary\\" tag=\\"button\\" activeclass=\\"\\" fab=\\"true\\" type=\\"button\\"><v-icon-stub>email</v-icon-stub></v-btn-stub> <v-btn-stub color=\\"accent\\" tag=\\"button\\" activeclass=\\"\\" fab=\\"true\\" type=\\"button\\"><v-icon-stub>email</v-icon-stub></v-btn-stub></v-flex-stub> <v-flex-stub tag=\\"div\\" text-center=\\"\\" xs12=\\"\\"><v-btn-stub color=\\"primary\\" tag=\\"button\\" activeclass=\\"\\" fab=\\"true\\" outlined=\\"true\\" type=\\"button\\"><v-icon-stub>email</v-icon-stub></v-btn-stub> <v-btn-stub color=\\"secondary\\" tag=\\"button\\" activeclass=\\"\\" fab=\\"true\\" outlined=\\"true\\" type=\\"button\\"><v-icon-stub>email</v-icon-stub></v-btn-stub> <v-btn-stub color=\\"accent\\" tag=\\"button\\" activeclass=\\"\\" fab=\\"true\\" outlined=\\"true\\" type=\\"button\\"><v-icon-stub>email</v-icon-stub></v-btn-stub></v-flex-stub></v-layout-stub>"
`;
