// Jest Snapshot v1, https://goo.gl/fbAQLP

exports[`index should be vue instance 1`] = `
"<v-layout-stub tag=\\"div\\" wrap=\\"\\" align-center=\\"\\" justify-center=\\"\\"><v-flex-stub tag=\\"div\\" text-center=\\"\\" xs12=\\"\\"><div class=\\"title-text\\">
      Slider
    </div> <link-buttons-stub document=\\"https://vuetifyjs.com/en/components/sliders\\" source=\\"https://github.com/reireias/vuetifier/blob/master/components/SliderSample.vue\\"></link-buttons-stub></v-flex-stub> <v-flex-stub tag=\\"div\\" text-center=\\"\\" xs12=\\"\\"><v-slider-stub errorcount=\\"1\\" errormessages=\\"\\" messages=\\"\\" rules=\\"\\" successmessages=\\"\\" value=\\"50\\" backgroundcolor=\\"\\" label=\\"Normal\\" loaderheight=\\"2\\" max=\\"100\\" min=\\"0\\" step=\\"1\\" thumbsize=\\"32\\" ticklabels=\\"\\" ticksize=\\"2\\"></v-slider-stub></v-flex-stub> <v-flex-stub tag=\\"div\\" text-center=\\"\\" xs12=\\"\\"><v-slider-stub color=\\"secondary\\" errorcount=\\"1\\" errormessages=\\"\\" messages=\\"\\" rules=\\"\\" successmessages=\\"\\" value=\\"50\\" appendicon=\\"volume_up\\" backgroundcolor=\\"\\" prependicon=\\"volume_down\\" loaderheight=\\"2\\" max=\\"100\\" min=\\"0\\" step=\\"1\\" thumbsize=\\"32\\" ticklabels=\\"\\" ticksize=\\"2\\"></v-slider-stub></v-flex-stub> <v-flex-stub tag=\\"div\\" text-center=\\"\\" xs12=\\"\\"><v-range-slider-stub color=\\"accent\\" errorcount=\\"1\\" errormessages=\\"\\" messages=\\"\\" rules=\\"\\" successmessages=\\"\\" value=\\"30,60\\" backgroundcolor=\\"\\" label=\\"Range\\" loaderheight=\\"2\\" max=\\"100\\" min=\\"0\\" step=\\"1\\" thumbsize=\\"32\\" ticklabels=\\"\\" ticksize=\\"2\\"></v-range-slider-stub></v-flex-stub></v-layout-stub>"
`;
